// Jest Snapshot v1, https://goo.gl/fbAQLP

exports[`BasicFilter Snapshots defaults 1`] = `
<div
  class="layout row wrap align-end"
>
  <div
    class="flex sm2 px-2 pb-0"
  >
    <div
      class="layout row mb-1"
    >
      <div
        class="ml-2 black--text"
      >
        <strong
          class="no-wrap"
        >
          
        Filter by date
      
        </strong>
      </div>
       
      <!---->
    </div>
     
    <div
      class="date-time-picker data-time-picker no-border"
      id="undefined-wrapper"
    >
      <div
        class="field flex align-center lg"
        data-v-74507c40=""
      >
        <input
          class="field-input no-clear-button"
          data-v-74507c40=""
          id="undefined-input"
          placeholder="Select date"
          readonly="readonly"
          type="text"
        />
        <label
          class="field-label"
          data-v-74507c40=""
          for="undefined-input"
        >
          
    Select date
  
        </label>
        <!---->
      </div>
      <!---->
      <div
        class="datetimepicker flex"
        data-v-6e81f291=""
        style="bottom: 100%; margin-top: 10px; display: none;"
      >
        <div
          class="datepicker flex flex-direction-column"
          data-v-6e81f291=""
          style="bottom: 100%; margin-top: 10px; width: 400px; max-width: 400px; min-width: 400px;"
        >
          <div
            class="header-picker"
            data-v-6d49f11d=""
            data-v-6e81f291=""
            style="padding: 10px 0px 10px 10px; background-color: rgb(25, 118, 210);"
          >
            <div
              class="header-picker-year"
              data-v-6d49f11d=""
            >
              <span
                data-v-6d49f11d=""
              >
                <div
                  data-v-6d49f11d=""
                >
                  
        2019
      
                </div>
              </span>
            </div>
            <div
              class="flex justify-content-between"
              data-v-6d49f11d=""
            >
              <div
                class="flex justify-content-between"
                data-v-6d49f11d=""
              >
                <span
                  class="header-picker-range dots-text flex-1"
                  data-v-6d49f11d=""
                >
                  
        ... - ...
      
                </span>
              </div>
            </div>
          </div>
          <div
            class="pickers-container flex"
            data-v-6e81f291=""
          >
            <div
              class="datepicker-container flex flex-fixed p-0 range flex-1 has-shortcuts"
              data-v-628b1b6b=""
              data-v-6e81f291=""
              id="undefined-picker-container-DatePicker"
            >
              <div
                class="shortcuts-container"
                data-v-628b1b6b=""
                data-v-9b117170=""
                style="height: 347px;"
              >
                <button
                  class="custom-button flex align-center justify-content-center shortcut-button with-border"
                  data-v-651b7c9a=""
                  data-v-9b117170=""
                  tabindex="-1"
                  type="button"
                >
                  <span
                    class="custom-button-effect"
                    data-v-651b7c9a=""
                    style="background-color: rgb(25, 118, 210);"
                  />
                  <span
                    class="custom-button-content flex align-center justify-content-center flex-1"
                    data-v-651b7c9a=""
                    style="color: rgb(25, 118, 210); fill: #1976D2;"
                  >
                    <span
                      class="lm-fs-12 flex-1"
                      data-v-651b7c9a=""
                      data-v-9b117170=""
                    >
                      
      This week
    
                    </span>
                  </span>
                </button>
                <button
                  class="custom-button flex align-center justify-content-center shortcut-button with-border"
                  data-v-651b7c9a=""
                  data-v-9b117170=""
                  tabindex="-1"
                  type="button"
                >
                  <span
                    class="custom-button-effect"
                    data-v-651b7c9a=""
                    style="background-color: rgb(25, 118, 210);"
                  />
                  <span
                    class="custom-button-content flex align-center justify-content-center flex-1"
                    data-v-651b7c9a=""
                    style="color: rgb(25, 118, 210); fill: #1976D2;"
                  >
                    <span
                      class="lm-fs-12 flex-1"
                      data-v-651b7c9a=""
                      data-v-9b117170=""
                    >
                      
      Last week
    
                    </span>
                  </span>
                </button>
                <button
                  class="custom-button flex align-center justify-content-center shortcut-button with-border"
                  data-v-651b7c9a=""
                  data-v-9b117170=""
                  tabindex="-1"
                  type="button"
                >
                  <span
                    class="custom-button-effect"
                    data-v-651b7c9a=""
                    style="background-color: rgb(25, 118, 210);"
                  />
                  <span
                    class="custom-button-content flex align-center justify-content-center flex-1"
                    data-v-651b7c9a=""
                    style="color: rgb(25, 118, 210); fill: #1976D2;"
                  >
                    <span
                      class="lm-fs-12 flex-1"
                      data-v-651b7c9a=""
                      data-v-9b117170=""
                    >
                      
      Last 7 days
    
                    </span>
                  </span>
                </button>
                <button
                  class="custom-button flex align-center justify-content-center shortcut-button with-border"
                  data-v-651b7c9a=""
                  data-v-9b117170=""
                  tabindex="-1"
                  type="button"
                >
                  <span
                    class="custom-button-effect"
                    data-v-651b7c9a=""
                    style="background-color: rgb(25, 118, 210);"
                  />
                  <span
                    class="custom-button-content flex align-center justify-content-center flex-1"
                    data-v-651b7c9a=""
                    style="color: rgb(25, 118, 210); fill: #1976D2;"
                  >
                    <span
                      class="lm-fs-12 flex-1"
                      data-v-651b7c9a=""
                      data-v-9b117170=""
                    >
                      
      Last 30 days
    
                    </span>
                  </span>
                </button>
                <button
                  class="custom-button flex align-center justify-content-center shortcut-button with-border"
                  data-v-651b7c9a=""
                  data-v-9b117170=""
                  tabindex="-1"
                  type="button"
                >
                  <span
                    class="custom-button-effect"
                    data-v-651b7c9a=""
                    style="background-color: rgb(25, 118, 210);"
                  />
                  <span
                    class="custom-button-content flex align-center justify-content-center flex-1"
                    data-v-651b7c9a=""
                    style="color: rgb(25, 118, 210); fill: #1976D2;"
                  >
                    <span
                      class="lm-fs-12 flex-1"
                      data-v-651b7c9a=""
                      data-v-9b117170=""
                    >
                      
      This month
    
                    </span>
                  </span>
                </button>
                <button
                  class="custom-button flex align-center justify-content-center shortcut-button with-border"
                  data-v-651b7c9a=""
                  data-v-9b117170=""
                  tabindex="-1"
                  type="button"
                >
                  <span
                    class="custom-button-effect"
                    data-v-651b7c9a=""
                    style="background-color: rgb(25, 118, 210);"
                  />
                  <span
                    class="custom-button-content flex align-center justify-content-center flex-1"
                    data-v-651b7c9a=""
                    style="color: rgb(25, 118, 210); fill: #1976D2;"
                  >
                    <span
                      class="lm-fs-12 flex-1"
                      data-v-651b7c9a=""
                      data-v-9b117170=""
                    >
                      
      Last month
    
                    </span>
                  </span>
                </button>
                <button
                  class="custom-button flex align-center justify-content-center shortcut-button with-border"
                  data-v-651b7c9a=""
                  data-v-9b117170=""
                  tabindex="-1"
                  type="button"
                >
                  <span
                    class="custom-button-effect"
                    data-v-651b7c9a=""
                    style="background-color: rgb(25, 118, 210);"
                  />
                  <span
                    class="custom-button-content flex align-center justify-content-center flex-1"
                    data-v-651b7c9a=""
                    style="color: rgb(25, 118, 210); fill: #1976D2;"
                  >
                    <span
                      class="lm-fs-12 flex-1"
                      data-v-651b7c9a=""
                      data-v-9b117170=""
                    >
                      
      This year
    
                    </span>
                  </span>
                </button>
                <button
                  class="custom-button flex align-center justify-content-center shortcut-button with-border"
                  data-v-651b7c9a=""
                  data-v-9b117170=""
                  tabindex="-1"
                  type="button"
                >
                  <span
                    class="custom-button-effect"
                    data-v-651b7c9a=""
                    style="background-color: rgb(25, 118, 210);"
                  />
                  <span
                    class="custom-button-content flex align-center justify-content-center flex-1"
                    data-v-651b7c9a=""
                    style="color: rgb(25, 118, 210); fill: #1976D2;"
                  >
                    <span
                      class="lm-fs-12 flex-1"
                      data-v-651b7c9a=""
                      data-v-9b117170=""
                    >
                      
      Last year
    
                    </span>
                  </span>
                </button>
              </div>
              <div
                class="calendar lm-w-100"
                data-v-628b1b6b=""
              >
                <div
                  class="datepicker-controls flex align-center justify-content-center"
                  data-v-628b1b6b=""
                >
                  <div
                    class="arrow-month h-100"
                    data-v-628b1b6b=""
                  >
                    <button
                      class="datepicker-button datepicker-prev text-center h-100 flex align-center"
                      data-v-628b1b6b=""
                      tabindex="-1"
                      type="button"
                    >
                      <svg
                        data-v-628b1b6b=""
                        viewBox="0 0 1000 1000"
                      >
                        <path
                          d="M336.2 274.5l-210.1 210h805.4c13 0 23 10 23 23s-10 23-23 23H126.1l210.1 210.1c11 11 11 21 0 32-5 5-10 7-16 7s-11-2-16-7l-249.1-249c-11-11-11-21 0-32l249.1-249.1c21-21.1 53 10.9 32 32z"
                          data-v-628b1b6b=""
                        />
                      </svg>
                    </button>
                  </div>
                  <div
                    class="datepicker-container-label flex-1 flex justify-content-center"
                    data-v-628b1b6b=""
                  >
                    <span
                      class="h-100 flex align-center flex-1 flex justify-content-right"
                      data-v-628b1b6b=""
                    >
                      <button
                        class="custom-button flex align-center justify-content-center date-buttons lm-fs-16 padding-button"
                        data-v-628b1b6b=""
                        data-v-651b7c9a=""
                        tabindex="-1"
                        type="button"
                      >
                        <span
                          class="custom-button-effect"
                          data-v-651b7c9a=""
                          style="background-color: rgb(25, 118, 210);"
                        />
                        <span
                          class="custom-button-content flex align-center justify-content-center flex-1"
                          data-v-651b7c9a=""
                          style="color: rgb(25, 118, 210); fill: #1976D2;"
                        >
                          
            June
          
                        </span>
                      </button>
                    </span>
                    <span
                      class="h-100 flex align-center flex-1 flex"
                      data-v-628b1b6b=""
                    >
                      <button
                        class="custom-button flex align-center justify-content-center date-buttons lm-fs-16 padding-button"
                        data-v-628b1b6b=""
                        data-v-651b7c9a=""
                        tabindex="-1"
                        type="button"
                      >
                        <span
                          class="custom-button-effect"
                          data-v-651b7c9a=""
                          style="background-color: rgb(25, 118, 210);"
                        />
                        <span
                          class="custom-button-content flex align-center justify-content-center flex-1"
                          data-v-651b7c9a=""
                          style="color: rgb(25, 118, 210); fill: #1976D2;"
                        >
                          
            2019
          
                        </span>
                      </button>
                    </span>
                  </div>
                  <div
                    class="arrow-month h-100 text-right"
                    data-v-628b1b6b=""
                  >
                    <button
                      class="datepicker-button datepicker-next text-center h-100 flex align-center justify-content-right"
                      data-v-628b1b6b=""
                      tabindex="-1"
                      type="button"
                    >
                      <svg
                        data-v-628b1b6b=""
                        viewBox="0 0 1000 1000"
                      >
                        <path
                          d="M694.4 242.4l249.1 249.1c11 11 11 21 0 32L694.4 772.7c-5 5-10 7-16 7s-11-2-16-7c-11-11-11-21 0-32l210.1-210.1H67.1c-13 0-23-10-23-23s10-23 23-23h805.4L662.4 274.5c-21-21.1 11-53.1 32-32.1z"
                          data-v-628b1b6b=""
                        />
                      </svg>
                    </button>
                  </div>
                </div>
                <div
                  class="week-days flex"
                  data-v-628b1b6b=""
                  data-v-a5a27e8c=""
                >
                  <div
                    class="flex-1 text-muted lm-fs-12 flex justify-content-center align-center week-days-container"
                    data-v-a5a27e8c=""
                  >
                    
    Sun
  
                  </div>
                  <div
                    class="flex-1 text-muted lm-fs-12 flex justify-content-center align-center week-days-container"
                    data-v-a5a27e8c=""
                  >
                    
    Mon
  
                  </div>
                  <div
                    class="flex-1 text-muted lm-fs-12 flex justify-content-center align-center week-days-container"
                    data-v-a5a27e8c=""
                  >
                    
    Tue
  
                  </div>
                  <div
                    class="flex-1 text-muted lm-fs-12 flex justify-content-center align-center week-days-container"
                    data-v-a5a27e8c=""
                  >
                    
    Wed
  
                  </div>
                  <div
                    class="flex-1 text-muted lm-fs-12 flex justify-content-center align-center week-days-container"
                    data-v-a5a27e8c=""
                  >
                    
    Thu
  
                  </div>
                  <div
                    class="flex-1 text-muted lm-fs-12 flex justify-content-center align-center week-days-container"
                    data-v-a5a27e8c=""
                  >
                    
    Fri
  
                  </div>
                  <div
                    class="flex-1 text-muted lm-fs-12 flex justify-content-center align-center week-days-container"
                    data-v-a5a27e8c=""
                  >
                    
    Sat
  
                  </div>
                </div>
                <div
                  class="month-container"
                  data-v-628b1b6b=""
                  style="height: 250px;"
                >
                  <span
                    data-v-628b1b6b=""
                  >
                    <div
                      class="datepicker-days flex"
                      data-v-628b1b6b=""
                    >
                      <div
                        class="datepicker-day align-center justify-content-center"
                        data-v-628b1b6b=""
                      />
                      <div
                        class="datepicker-day align-center justify-content-center"
                        data-v-628b1b6b=""
                      />
                      <div
                        class="datepicker-day align-center justify-content-center"
                        data-v-628b1b6b=""
                      />
                      <div
                        class="datepicker-day align-center justify-content-center"
                        data-v-628b1b6b=""
                      />
                      <div
                        class="datepicker-day align-center justify-content-center"
                        data-v-628b1b6b=""
                      />
                      <div
                        class="datepicker-day align-center justify-content-center"
                        data-v-628b1b6b=""
                      />
                      <button
                        class="datepicker-day flex align-center justify-content-center enable"
                        data-v-628b1b6b=""
                        tabindex="-1"
                        type="button"
                      >
                        <!---->
                        <span
                          class="datepicker-day-effect"
                          data-v-628b1b6b=""
                          style="background-color: rgb(25, 118, 210);"
                        />
                        <!---->
                        <span
                          class="datepicker-day-text flex-1"
                          data-v-628b1b6b=""
                        >
                          
              1
            
                        </span>
                      </button>
                      <button
                        class="datepicker-day flex align-center justify-content-center enable"
                        data-v-628b1b6b=""
                        tabindex="-1"
                        type="button"
                      >
                        <!---->
                        <span
                          class="datepicker-day-effect"
                          data-v-628b1b6b=""
                          style="background-color: rgb(25, 118, 210);"
                        />
                        <!---->
                        <span
                          class="datepicker-day-text flex-1"
                          data-v-628b1b6b=""
                        >
                          
              2
            
                        </span>
                      </button>
                      <button
                        class="datepicker-day flex align-center justify-content-center enable"
                        data-v-628b1b6b=""
                        tabindex="-1"
                        type="button"
                      >
                        <!---->
                        <span
                          class="datepicker-day-effect"
                          data-v-628b1b6b=""
                          style="background-color: rgb(25, 118, 210);"
                        />
                        <!---->
                        <span
                          class="datepicker-day-text flex-1"
                          data-v-628b1b6b=""
                        >
                          
              3
            
                        </span>
                      </button>
                      <button
                        class="datepicker-day flex align-center justify-content-center enable"
                        data-v-628b1b6b=""
                        tabindex="-1"
                        type="button"
                      >
                        <!---->
                        <span
                          class="datepicker-day-effect"
                          data-v-628b1b6b=""
                          style="background-color: rgb(25, 118, 210);"
                        />
                        <!---->
                        <span
                          class="datepicker-day-text flex-1"
                          data-v-628b1b6b=""
                        >
                          
              4
            
                        </span>
                      </button>
                      <button
                        class="datepicker-day flex align-center justify-content-center enable"
                        data-v-628b1b6b=""
                        tabindex="-1"
                        type="button"
                      >
                        <!---->
                        <span
                          class="datepicker-day-effect"
                          data-v-628b1b6b=""
                          style="background-color: rgb(25, 118, 210);"
                        />
                        <!---->
                        <span
                          class="datepicker-day-text flex-1"
                          data-v-628b1b6b=""
                        >
                          
              5
            
                        </span>
                      </button>
                      <button
                        class="datepicker-day flex align-center justify-content-center enable"
                        data-v-628b1b6b=""
                        tabindex="-1"
                        type="button"
                      >
                        <!---->
                        <span
                          class="datepicker-day-effect"
                          data-v-628b1b6b=""
                          style="background-color: rgb(25, 118, 210);"
                        />
                        <!---->
                        <span
                          class="datepicker-day-text flex-1"
                          data-v-628b1b6b=""
                        >
                          
              6
            
                        </span>
                      </button>
                      <button
                        class="datepicker-day flex align-center justify-content-center enable"
                        data-v-628b1b6b=""
                        tabindex="-1"
                        type="button"
                      >
                        <!---->
                        <span
                          class="datepicker-day-effect"
                          data-v-628b1b6b=""
                          style="background-color: rgb(25, 118, 210);"
                        />
                        <!---->
                        <span
                          class="datepicker-day-text flex-1"
                          data-v-628b1b6b=""
                        >
                          
              7
            
                        </span>
                      </button>
                      <button
                        class="datepicker-day flex align-center justify-content-center enable"
                        data-v-628b1b6b=""
                        tabindex="-1"
                        type="button"
                      >
                        <!---->
                        <span
                          class="datepicker-day-effect"
                          data-v-628b1b6b=""
                          style="background-color: rgb(25, 118, 210);"
                        />
                        <!---->
                        <span
                          class="datepicker-day-text flex-1"
                          data-v-628b1b6b=""
                        >
                          
              8
            
                        </span>
                      </button>
                      <button
                        class="datepicker-day flex align-center justify-content-center enable"
                        data-v-628b1b6b=""
                        tabindex="-1"
                        type="button"
                      >
                        <!---->
                        <span
                          class="datepicker-day-effect"
                          data-v-628b1b6b=""
                          style="background-color: rgb(25, 118, 210);"
                        />
                        <!---->
                        <span
                          class="datepicker-day-text flex-1"
                          data-v-628b1b6b=""
                        >
                          
              9
            
                        </span>
                      </button>
                      <button
                        class="datepicker-day flex align-center justify-content-center enable"
                        data-v-628b1b6b=""
                        tabindex="-1"
                        type="button"
                      >
                        <!---->
                        <span
                          class="datepicker-day-effect"
                          data-v-628b1b6b=""
                          style="background-color: rgb(25, 118, 210);"
                        />
                        <!---->
                        <span
                          class="datepicker-day-text flex-1"
                          data-v-628b1b6b=""
                        >
                          
              10
            
                        </span>
                      </button>
                      <button
                        class="datepicker-day flex align-center justify-content-center enable"
                        data-v-628b1b6b=""
                        tabindex="-1"
                        type="button"
                      >
                        <!---->
                        <span
                          class="datepicker-day-effect"
                          data-v-628b1b6b=""
                          style="background-color: rgb(25, 118, 210);"
                        />
                        <!---->
                        <span
                          class="datepicker-day-text flex-1"
                          data-v-628b1b6b=""
                        >
                          
              11
            
                        </span>
                      </button>
                      <button
                        class="datepicker-day flex align-center justify-content-center enable"
                        data-v-628b1b6b=""
                        tabindex="-1"
                        type="button"
                      >
                        <!---->
                        <span
                          class="datepicker-day-effect"
                          data-v-628b1b6b=""
                          style="background-color: rgb(25, 118, 210);"
                        />
                        <!---->
                        <span
                          class="datepicker-day-text flex-1"
                          data-v-628b1b6b=""
                        >
                          
              12
            
                        </span>
                      </button>
                      <button
                        class="datepicker-day flex align-center justify-content-center enable"
                        data-v-628b1b6b=""
                        tabindex="-1"
                        type="button"
                      >
                        <!---->
                        <span
                          class="datepicker-day-effect"
                          data-v-628b1b6b=""
                          style="background-color: rgb(25, 118, 210);"
                        />
                        <!---->
                        <span
                          class="datepicker-day-text flex-1"
                          data-v-628b1b6b=""
                        >
                          
              13
            
                        </span>
                      </button>
                      <button
                        class="datepicker-day flex align-center justify-content-center enable"
                        data-v-628b1b6b=""
                        tabindex="-1"
                        type="button"
                      >
                        <!---->
                        <span
                          class="datepicker-day-effect"
                          data-v-628b1b6b=""
                          style="background-color: rgb(25, 118, 210);"
                        />
                        <!---->
                        <span
                          class="datepicker-day-text flex-1"
                          data-v-628b1b6b=""
                        >
                          
              14
            
                        </span>
                      </button>
                      <button
                        class="datepicker-day flex align-center justify-content-center enable"
                        data-v-628b1b6b=""
                        tabindex="-1"
                        type="button"
                      >
                        <!---->
                        <span
                          class="datepicker-day-effect"
                          data-v-628b1b6b=""
                          style="background-color: rgb(25, 118, 210);"
                        />
                        <!---->
                        <span
                          class="datepicker-day-text flex-1"
                          data-v-628b1b6b=""
                        >
                          
              15
            
                        </span>
                      </button>
                      <button
                        class="datepicker-day flex align-center justify-content-center enable"
                        data-v-628b1b6b=""
                        tabindex="-1"
                        type="button"
                      >
                        <!---->
                        <span
                          class="datepicker-day-effect"
                          data-v-628b1b6b=""
                          style="background-color: rgb(25, 118, 210);"
                        />
                        <!---->
                        <span
                          class="datepicker-day-text flex-1"
                          data-v-628b1b6b=""
                        >
                          
              16
            
                        </span>
                      </button>
                      <button
                        class="datepicker-day flex align-center justify-content-center enable"
                        data-v-628b1b6b=""
                        tabindex="-1"
                        type="button"
                      >
                        <!---->
                        <span
                          class="datepicker-day-effect"
                          data-v-628b1b6b=""
                          style="background-color: rgb(25, 118, 210);"
                        />
                        <!---->
                        <span
                          class="datepicker-day-text flex-1"
                          data-v-628b1b6b=""
                        >
                          
              17
            
                        </span>
                      </button>
                      <button
                        class="datepicker-day flex align-center justify-content-center enable"
                        data-v-628b1b6b=""
                        tabindex="-1"
                        type="button"
                      >
                        <!---->
                        <span
                          class="datepicker-day-effect"
                          data-v-628b1b6b=""
                          style="background-color: rgb(25, 118, 210);"
                        />
                        <!---->
                        <span
                          class="datepicker-day-text flex-1"
                          data-v-628b1b6b=""
                        >
                          
              18
            
                        </span>
                      </button>
                      <button
                        class="datepicker-day flex align-center justify-content-center enable"
                        data-v-628b1b6b=""
                        tabindex="-1"
                        type="button"
                      >
                        <!---->
                        <span
                          class="datepicker-day-effect"
                          data-v-628b1b6b=""
                          style="background-color: rgb(25, 118, 210);"
                        />
                        <!---->
                        <span
                          class="datepicker-day-text flex-1"
                          data-v-628b1b6b=""
                        >
                          
              19
            
                        </span>
                      </button>
                      <button
                        class="datepicker-day flex align-center justify-content-center enable"
                        data-v-628b1b6b=""
                        tabindex="-1"
                        type="button"
                      >
                        <!---->
                        <span
                          class="datepicker-day-effect"
                          data-v-628b1b6b=""
                          style="background-color: rgb(25, 118, 210);"
                        />
                        <!---->
                        <span
                          class="datepicker-day-text flex-1"
                          data-v-628b1b6b=""
                        >
                          
              20
            
                        </span>
                      </button>
                      <button
                        class="datepicker-day flex align-center justify-content-center enable"
                        data-v-628b1b6b=""
                        tabindex="-1"
                        type="button"
                      >
                        <!---->
                        <span
                          class="datepicker-day-effect"
                          data-v-628b1b6b=""
                          style="background-color: rgb(25, 118, 210);"
                        />
                        <!---->
                        <span
                          class="datepicker-day-text flex-1"
                          data-v-628b1b6b=""
                        >
                          
              21
            
                        </span>
                      </button>
                      <button
                        class="datepicker-day flex align-center justify-content-center enable"
                        data-v-628b1b6b=""
                        tabindex="-1"
                        type="button"
                      >
                        <!---->
                        <span
                          class="datepicker-day-effect"
                          data-v-628b1b6b=""
                          style="background-color: rgb(25, 118, 210);"
                        />
                        <!---->
                        <span
                          class="datepicker-day-text flex-1"
                          data-v-628b1b6b=""
                        >
                          
              22
            
                        </span>
                      </button>
                      <button
                        class="datepicker-day flex align-center justify-content-center enable"
                        data-v-628b1b6b=""
                        tabindex="-1"
                        type="button"
                      >
                        <!---->
                        <span
                          class="datepicker-day-effect"
                          data-v-628b1b6b=""
                          style="background-color: rgb(25, 118, 210);"
                        />
                        <!---->
                        <span
                          class="datepicker-day-text flex-1"
                          data-v-628b1b6b=""
                        >
                          
              23
            
                        </span>
                      </button>
                      <button
                        class="datepicker-day flex align-center justify-content-center enable"
                        data-v-628b1b6b=""
                        tabindex="-1"
                        type="button"
                      >
                        <!---->
                        <span
                          class="datepicker-day-effect"
                          data-v-628b1b6b=""
                          style="background-color: rgb(25, 118, 210);"
                        />
                        <!---->
                        <span
                          class="datepicker-day-text flex-1"
                          data-v-628b1b6b=""
                        >
                          
              24
            
                        </span>
                      </button>
                      <button
                        class="datepicker-day flex align-center justify-content-center enable"
                        data-v-628b1b6b=""
                        tabindex="-1"
                        type="button"
                      >
                        <!---->
                        <span
                          class="datepicker-day-effect"
                          data-v-628b1b6b=""
                          style="background-color: rgb(25, 118, 210);"
                        />
                        <!---->
                        <span
                          class="datepicker-day-text flex-1"
                          data-v-628b1b6b=""
                        >
                          
              25
            
                        </span>
                      </button>
                      <button
                        class="datepicker-day flex align-center justify-content-center enable"
                        data-v-628b1b6b=""
                        tabindex="-1"
                        type="button"
                      >
                        <!---->
                        <span
                          class="datepicker-day-effect"
                          data-v-628b1b6b=""
                          style="background-color: rgb(25, 118, 210);"
                        />
                        <!---->
                        <span
                          class="datepicker-day-text flex-1"
                          data-v-628b1b6b=""
                        >
                          
              26
            
                        </span>
                      </button>
                      <button
                        class="datepicker-day flex align-center justify-content-center enable"
                        data-v-628b1b6b=""
                        tabindex="-1"
                        type="button"
                      >
                        <span
                          class="datepicker-today"
                          data-v-628b1b6b=""
                        />
                        <span
                          class="datepicker-day-effect"
                          data-v-628b1b6b=""
                          style="background-color: rgb(25, 118, 210);"
                        />
                        <!---->
                        <span
                          class="datepicker-day-text flex-1"
                          data-v-628b1b6b=""
                        >
                          
              27
            
                        </span>
                      </button>
                      <button
                        class="datepicker-day flex align-center justify-content-center enable"
                        data-v-628b1b6b=""
                        tabindex="-1"
                        type="button"
                      >
                        <!---->
                        <span
                          class="datepicker-day-effect"
                          data-v-628b1b6b=""
                          style="background-color: rgb(25, 118, 210);"
                        />
                        <!---->
                        <span
                          class="datepicker-day-text flex-1"
                          data-v-628b1b6b=""
                        >
                          
              28
            
                        </span>
                      </button>
                      <button
                        class="datepicker-day flex align-center justify-content-center enable"
                        data-v-628b1b6b=""
                        tabindex="-1"
                        type="button"
                      >
                        <!---->
                        <span
                          class="datepicker-day-effect"
                          data-v-628b1b6b=""
                          style="background-color: rgb(25, 118, 210);"
                        />
                        <!---->
                        <span
                          class="datepicker-day-text flex-1"
                          data-v-628b1b6b=""
                        >
                          
              29
            
                        </span>
                      </button>
                      <button
                        class="datepicker-day flex align-center justify-content-center enable"
                        data-v-628b1b6b=""
                        tabindex="-1"
                        type="button"
                      >
                        <!---->
                        <span
                          class="datepicker-day-effect"
                          data-v-628b1b6b=""
                          style="background-color: rgb(25, 118, 210);"
                        />
                        <!---->
                        <span
                          class="datepicker-day-text flex-1"
                          data-v-628b1b6b=""
                        >
                          
              30
            
                        </span>
                      </button>
                      <div
                        class="datepicker-day flex align-center justify-content-center"
                        data-v-628b1b6b=""
                      />
                      <div
                        class="datepicker-day flex align-center justify-content-center"
                        data-v-628b1b6b=""
                      />
                      <div
                        class="datepicker-day flex align-center justify-content-center"
                        data-v-628b1b6b=""
                      />
                      <div
                        class="datepicker-day flex align-center justify-content-center"
                        data-v-628b1b6b=""
                      />
                      <div
                        class="datepicker-day flex align-center justify-content-center"
                        data-v-628b1b6b=""
                      />
                      <div
                        class="datepicker-day flex align-center justify-content-center"
                        data-v-628b1b6b=""
                      />
                    </div>
                  </span>
                </div>
                <!---->
              </div>
            </div>
            <!---->
          </div>
          <div
            class="datepicker-buttons-container flex justify-content-right button-validate flex-fixed"
            data-v-601c6e79=""
            data-v-6e81f291=""
          >
            <!---->
            <button
              class="datepicker-button validate flex align-center justify-content-center"
              data-v-601c6e79=""
              tabindex="-1"
              type="button"
            >
              <span
                class="datepicker-button-effect"
                data-v-601c6e79=""
                style="background-color: rgb(25, 118, 210);"
              />
              <svg
                data-v-601c6e79=""
                height="24"
                style="color: rgb(25, 118, 210); fill: #1976D2;"
                viewBox="0 0 24 24"
                width="24"
                xmlns="http://www.w3.org/2000/svg"
              >
                <path
                  d="M0 0h24v24H0z"
                  data-v-601c6e79=""
                  fill="none"
                />
                <path
                  d="M9 16.17L4.83 12l-1.42 1.41L9 19 21 7l-1.41-1.41z"
                  data-v-601c6e79=""
                />
              </svg>
            </button>
          </div>
        </div>
      </div>
    </div>
  </div>
   
  <div
    class="flex sm2 px-2"
  >
    <div
      class="layout row mb-2"
    >
      <div
        class="ml-1 black--text"
      >
        <strong
          class="no-wrap"
        >
          
        Statuses
      
        </strong>
      </div>
       
      <!---->
    </div>
     
    <div
      class="v-input v-text-field v-text-field--single-line v-text-field--solo v-text-field--enclosed v-text-field--placeholder v-select v-input--hide-details theme--light"
      hide-details=""
      item-text="text"
      item-value="id"
      placeholder="All Statuses"
      role="combobox"
      solo=""
    >
      <div
        class="v-input__control"
      >
        <div
          class="v-input__slot"
        >
          <div
            class="v-select__slot"
          >
            <div
              class="v-select__selections"
            >
              <input
                aria-readonly="false"
                autocomplete="on"
                placeholder="All Statuses"
                readonly="readonly"
                type="text"
              />
            </div>
            <div
              class="v-input__append-inner"
            >
              <div
                class="v-input__icon v-input__icon--append"
              >
                <i
                  aria-hidden="true"
                  class="v-icon material-icons theme--light"
                >
                  arrow_drop_down
                </i>
              </div>
            </div>
          </div>
          <div
            class="v-menu"
          >
            <div
              class="v-menu__content theme--light "
              style="max-height: 300px; min-width: 0px; max-width: auto; top: 12px; left: 0px; transform-origin: top left; z-index: 0; display: none;"
            >
              <div
                class="v-select-list v-card theme--light"
              >
                <div
                  class="v-list theme--light"
                  role="list"
                >
                  <div
                    role="listitem"
                  >
                    <a
                      class="v-list__tile v-list__tile--link theme--light"
                    >
                      <div
                        class="v-list__tile__action"
                      >
                        <i
                          aria-hidden="true"
                          class="v-icon fa fa-check-square theme--light"
                        />
                      </div>
                       
                      <div
                        class="v-list__tile__content"
                      >
                        <div
                          class="v-list__tile__title"
                        >
                          All Statuses
                        </div>
                      </div>
                    </a>
                  </div>
                   
                  <hr
                    class="mt-2 v-divider theme--light"
                  />
                  <div
                    role="listitem"
                  >
                    <div
                      class="v-list__tile theme--light"
                    >
                      <div
                        class="v-list__tile__content"
                      >
                        <div
                          class="v-list__tile__title"
                        >
                          No data available
                        </div>
                      </div>
                    </div>
                  </div>
                </div>
              </div>
            </div>
          </div>
        </div>
      </div>
    </div>
  </div>
   
  <div
    class="flex sm2 px-2"
  >
    <div
      class="layout row mb-2"
    >
      <div
        class="black--text"
      >
        <strong
          class="no-wrap"
        >
          
        Deal types
      
        </strong>
      </div>
       
      <!---->
    </div>
     
    <div
      class="v-input v-text-field v-text-field--single-line v-text-field--solo v-text-field--enclosed v-text-field--placeholder v-select v-input--hide-details theme--light"
      role="combobox"
    >
      <div
        class="v-input__control"
      >
        <div
          class="v-input__slot"
        >
          <div
            class="v-select__slot"
          >
            <div
              class="v-select__selections"
            >
              <input
                aria-readonly="false"
                autocomplete="on"
                placeholder="All Types"
                readonly="readonly"
                select-all-name="All Types"
                type="text"
              />
            </div>
            <div
              class="v-input__append-inner"
            >
              <div
                class="v-input__icon v-input__icon--append"
              >
                <i
                  aria-hidden="true"
                  class="v-icon material-icons theme--light"
                >
                  arrow_drop_down
                </i>
              </div>
            </div>
          </div>
          <div
            class="v-menu"
          >
            <div
              class="v-menu__content theme--light "
              style="max-height: 300px; min-width: 0px; max-width: auto; top: 12px; left: 0px; transform-origin: top left; z-index: 0; display: none;"
            >
              <div
                class="v-select-list v-card theme--light"
              >
                <div
                  class="v-list theme--light"
                  role="list"
                >
                  <div
                    role="listitem"
                  >
                    <div
                      class="v-list__tile theme--light"
                    >
                      <div
                        class="v-list__tile__content"
                      >
                        <div
                          class="v-list__tile__title"
                        >
                          No data available
                        </div>
                      </div>
                    </div>
                  </div>
                </div>
              </div>
            </div>
          </div>
        </div>
      </div>
    </div>
  </div>
   
  <!---->
   
  <div
    class="flex sm2 px-2"
  >
    <div
      class="layout row justify-space-between mb-2"
    >
      <div
        class="black--text"
      >
        <strong
          class="no-wrap"
        >
          
        Sales Reps
      
        </strong>
      </div>
       
      <!---->
    </div>
     
    <div
      background-color="white"
      class="v-input mt-0 pt-0 v-text-field v-text-field--single-line v-text-field--solo v-text-field--enclosed v-text-field--placeholder v-select v-autocomplete v-input--hide-details theme--light"
      height="48"
      solo=""
    >
      <div
        class="v-input__control"
      >
        <div
          class="v-input__slot white"
          style="height: 48px;"
        >
          <div
            class="v-select__slot"
          >
            <input
              aria-label=""
              autocomplete="off"
              placeholder="Search"
              role="combobox"
              type="text"
            />
            <div
              class="v-input__append-inner"
            >
              <div
                class="v-input__icon v-input__icon--append"
              >
                <i
                  aria-hidden="true"
                  class="v-icon material-icons theme--light"
                >
                  arrow_drop_down
                </i>
              </div>
            </div>
          </div>
          <div
            class="v-menu"
          >
            <div
              class="v-menu__content theme--light v-autocomplete__content"
              style="max-height: 300px; min-width: 0px; max-width: auto; top: 12px; left: 0px; transform-origin: top left; z-index: 0; display: none;"
            >
              <div
                class="v-select-list v-card theme--light"
              >
                <div
                  class="v-list theme--light"
                  role="list"
                >
                  <div
                    role="listitem"
                  >
                    <div
                      class="v-list__tile theme--light"
                    >
                      <div
                        class="v-list__tile__content"
                      >
                        <div
                          class="v-list__tile__title"
                        >
                          No data available
                        </div>
                      </div>
                    </div>
                  </div>
                </div>
              </div>
            </div>
          </div>
        </div>
      </div>
    </div>
  </div>
   
  <div
    class="flex sm2 px-2"
  >
    <div
      class="layout row justify-space-between mb-2"
    >
      <div
        class="black--text"
      >
        <strong
          class="no-wrap"
        >
          
        Customer Name / ID
      
        </strong>
      </div>
       
      <!---->
    </div>
     
    <div
      background-color="white"
      class="v-input mt-0 pt-0 v-text-field v-text-field--single-line v-text-field--solo v-text-field--enclosed v-text-field--placeholder v-select v-autocomplete v-input--hide-details theme--light"
      height="48"
      solo=""
    >
      <div
        class="v-input__control"
      >
        <div
          class="v-input__slot white"
          style="height: 48px;"
        >
          <div
            class="v-select__slot"
          >
            <input
              aria-label=""
              autocomplete="off"
              placeholder="Search"
              role="combobox"
              type="text"
            />
            <div
              class="v-input__append-inner"
            >
              <div
                class="v-input__icon v-input__icon--append"
              >
                <i
                  aria-hidden="true"
                  class="v-icon material-icons theme--light"
                >
                  arrow_drop_down
                </i>
              </div>
            </div>
          </div>
          <div
            class="v-menu"
          >
            <div
              class="v-menu__content theme--light v-autocomplete__content"
              style="max-height: 300px; min-width: 0px; max-width: auto; top: 12px; left: 0px; transform-origin: top left; z-index: 0; display: none;"
            >
              <div
                class="v-select-list v-card theme--light"
              >
                <div
                  class="v-list theme--light"
                  role="list"
                >
                  <div
                    role="listitem"
                  >
                    <div
                      class="v-list__tile theme--light"
                    >
                      <div
                        class="v-list__tile__content"
                      >
                        <div
                          class="v-list__tile__title"
                        >
                          No data available
                        </div>
                      </div>
                    </div>
                  </div>
                </div>
              </div>
            </div>
          </div>
        </div>
      </div>
    </div>
  </div>
   
  <div
    class="flex sm2 fill-height justify-end px-2"
  >
    <button
      class="primary v-btn v-btn--large v-btn--round theme--light"
      type="button"
    >
      <div
        class="v-btn__content"
      >
        
      Generate
    
      </div>
    </button>
  </div>
</div>
`;
