// Jest Snapshot v1, https://goo.gl/fbAQLP

exports[`DeliveryDetails Snapshot default 1`] = `
<div
  class="v-card v-sheet theme--light"
>
  <div
    class="v-card__text"
  >
    <h6>
      Date Delivered:
    </h6>
     
    <h1>
      9/15/2019
    </h1>
     
    <h6>
      Est. Date Delivered:
    </h6>
     
    <h1>
      9/14/2019
    </h1>
     
    <h6>
      Date Written:
    </h6>
     
    <h1>
      9/1/2019
    </h1>
  </div>
</div>
`;
